// Jest Snapshot v1, https://goo.gl/fbAQLP

exports[`gridsome-remark-embed-snippet missing optional config options doesn't throw error 1`] = `undefined`;
